---
source: src/ui.rs
expression: "draw_grid(&app, &PtyRuntime::new_offline(), 100, 14)"
---
symbols:
| ▣ orbit                    main Terminal is stopped. Type to start it and send input.             |
|   · agent: pi                                                                                      |
|   $ terminal                                                                                       |
|                                                                                                    |
|                                                                                                    |
|                                                                                                    |
|                                                                                                    |
|Command: n▌                                                                                         |
|type to filter • ↑/↓ select • enter runs • esc cancels                                              |
|› Focus sidebar — return keyboard focus to workspace navigation                                     |
|  Focus selected pane — move keyboard focus from sidebar to the selected chat or terminal           |
|  Start selected PTY — start the selected chat/terminal PTY for immediate input                     |
|  Search selected pane — filter terminal output or chat transcript lines                            |
|  New pi agent chat — add a pi agent chat to the selected workspace                                 |

backgrounds (. nc  : base  # highlight  * selection  @ cursor  r reset):
|....................................................................................................|
|....................................................................................................|
|##################################..................................................................|
|....................................................................................................|
|....................................................................................................|
|....................................................................................................|
|....................................................................................................|
|::::::::::::::::::::::::::::::::::::::::::::::::::::::::::::::::::::::::::::::::::::::::::::::::::::|
|::::::::::::::::::::::::::::::::::::::::::::::::::::::::::::::::::::::::::::::::::::::::::::::::::::|
|###############:::::::::::::::::::::::::::::::::::::::::::::::::::::::::::::::::::::::::::::::::::::|
|::::::::::::::::::::::::::::::::::::::::::::::::::::::::::::::::::::::::::::::::::::::::::::::::::::|
|::::::::::::::::::::::::::::::::::::::::::::::::::::::::::::::::::::::::::::::::::::::::::::::::::::|
|::::::::::::::::::::::::::::::::::::::::::::::::::::::::::::::::::::::::::::::::::::::::::::::::::::|
|::::::::::::::::::::::::::::::::::::::::::::::::::::::::::::::::::::::::::::::::::::::::::::::::::::|
