---
source: src/ui.rs
expression: "draw_grid(&app, &PtyRuntime::new_offline(), 100, 20)"
---
symbols:
| ▣ orbit   ┌ Keybindings ───────────────────────────────────────────────────────────────┐           |
|   · agent:│Navigation                                                                  │           |
|   $ termin│(palette)                Focus sidebar — return keyboard focus to workspace…│           |
|           │(palette)                Focus selected pane — move keyboard focus from sid…│           |
|           │any key                  Start selected PTY — start the selected chat/termi…│           |
|           │? / F1                   Show keybindings — open this list of keys and comm…│           |
|           │Ctrl+Esc                 Quit mult — save state and exit                    │           |
|           │Ctrl+j / Ctrl+Enter      Select next item — move the sidebar selection down │           |
|           │Ctrl+k                   Select previous item — move the sidebar selection …│           |
|           │Ctrl+p                   Command palette — search and run every command in …│           |
|           │Chats, terminals and workspaces                                             │           |
|           │Ctrl+a                   New pi agent chat — add a pi agent chat to the sel…│           |
|           │Ctrl+x                   New Claude Code chat — add a Claude Code agent cha…│           |
|           │Ctrl+t                   New shell terminal — add a shell terminal to the s…│           |
|           │(palette)                New command terminal — add a command/dev-server te…│           |
|           │Ctrl+f                   Open workspace — import a workspace directory      │           |
|           │Ctrl+q                   Delete selected item — delete the selected chat/te…│           |
|           │View                                                                        │           |
|           │Ctrl+s                   Search selected pane — filter terminal output or c…│           |
|           └ esc closes • ↑/↓ scrolls ──────────────────────────────────────────────────┘           |

backgrounds (. nc  : base  # highlight  * selection  @ cursor  r reset):
|...........::::::::::::::::::::::::::::::::::::::::::::::::::::::::::::::::::::::::::::::...........|
|...........::::::::::::::::::::::::::::::::::::::::::::::::::::::::::::::::::::::::::::::...........|
|###########::::::::::::::::::::::::::::::::::::::::::::::::::::::::::::::::::::::::::::::...........|
|...........::::::::::::::::::::::::::::::::::::::::::::::::::::::::::::::::::::::::::::::...........|
|...........::::::::::::::::::::::::::::::::::::::::::::::::::::::::::::::::::::::::::::::...........|
|...........::::::::::::::::::::::::::::::::::::::::::::::::::::::::::::::::::::::::::::::...........|
|...........::::::::::::::::::::::::::::::::::::::::::::::::::::::::::::::::::::::::::::::...........|
|...........::::::::::::::::::::::::::::::::::::::::::::::::::::::::::::::::::::::::::::::...........|
|...........::::::::::::::::::::::::::::::::::::::::::::::::::::::::::::::::::::::::::::::...........|
|...........::::::::::::::::::::::::::::::::::::::::::::::::::::::::::::::::::::::::::::::...........|
|...........::::::::::::::::::::::::::::::::::::::::::::::::::::::::::::::::::::::::::::::...........|
|...........::::::::::::::::::::::::::::::::::::::::::::::::::::::::::::::::::::::::::::::...........|
|...........::::::::::::::::::::::::::::::::::::::::::::::::::::::::::::::::::::::::::::::...........|
|...........::::::::::::::::::::::::::::::::::::::::::::::::::::::::::::::::::::::::::::::...........|
|...........::::::::::::::::::::::::::::::::::::::::::::::::::::::::::::::::::::::::::::::...........|
|...........::::::::::::::::::::::::::::::::::::::::::::::::::::::::::::::::::::::::::::::...........|
|...........::::::::::::::::::::::::::::::::::::::::::::::::::::::::::::::::::::::::::::::...........|
|...........::::::::::::::::::::::::::::::::::::::::::::::::::::::::::::::::::::::::::::::...........|
|...........::::::::::::::::::::::::::::::::::::::::::::::::::::::::::::::::::::::::::::::...........|
|...........::::::::::::::::::::::::::::::::::::::::::::::::::::::::::::::::::::::::::::::...........|
